ID SMALLINT_ITEM INTEGER_ITEM BIGINT_ITEM DECIMAL_ITEM NUMERIC_ITEM REAL_ITEM DOUBLE_ITEM FLOAT_ITEM
1001 12345 123456789 123456789012 123456.78 876543.21 1.23456 1.23456789012 3.45678901234
1002 -9999 -999999999 -999999999999 -999999.99 -999999.99 -9.999999 -9.999999 -9.99999999999999
1003 null null null null null null null null
9999 null null null null null null null null
