ID CHAR_ITEM VARCHAR_ITEM CLOB_ITEM GRAPHIC_ITEM VARGRAPHIC_ITEM NCHAR_ITEM NVARCHAR_ITEM NCLOB_ITEM
1001 aa   AA aaaaaaaaaaaa ああ   いいいい ａａ   ＡＡ ａａａａａａａａ
1002 XXXX XXXXXXXX XXXXXXXXXXXXXXXX XXXX XXXXXXXX XXXX XXXXXXXX XXXXXXXXXXXXXXXX
1003 null null null null null null null null
9999 null null null null null null null null
