ID DATE_ITEM TIME_ITEM TIMESTAMP_ITEM TIMESTAMP0_ITEM TIMESTAMP12_ITEM
1001 2016-09-08 00:00:00.0 2016-01-01 12:34:45.0 2016-09-09 12:34:45.123456 2016-09-10 12:34:45.0 2016-09-11 12:34:45.123456
1002 2016-12-31 00:00:00.0 2016-01-01 23:59:59.0 2016-12-31 23:59:59.999999 2016-12-31 23:59:59.0 2016-12-31 23:59:59.999999
1003 null null null null null
