A001,0,1234,123456,12345678901,0,1.23,3.456,12.34,123.4567,0.1234567,0.12345678901234,a,b,c,A,B,C,2015-12-31 15:00:00.0000000,2016-12-31 16:02:03.1230000,2017-12-31 16:02:03.1234560,2018-12-31 16:02:03.1200000,2019-12-31 16:02:03.0000000,1969-12-31 18:04:05.1234560,1969-12-31 21:07:08.1200000
A002,255,-32768,-2147483648,-9223372036854775808,1,-9999999999.99,-99.999,-214748.3648,-922337203685477.5808,-9999000000.0,-9.9999999999900006E+17,??,????,?????,??,????,?????,2016-12-30 15:00:00.0000000,2017-12-31 14:59:59.9970000,2018-12-31 14:59:59.9999990,2019-12-31 14:59:59.9900000,2020-12-31 14:59:59.0000000,1970-01-01 14:59:59.9999990,1970-01-01 14:59:59.9900000
A003,NULL,NULL,NULL,NULL,NULL,NULL,NULL,NULL,NULL,NULL,NULL,NULL,NULL,NULL,NULL,NULL,NULL,NULL,NULL,NULL,NULL,NULL,NULL,NULL
A004,9,9,9,9,0,9,9,9,9,9.0,9.0,x,x,x,X,X,X,2015-12-31 15:00:00.0000000,2016-12-31 16:02:03.1230000,2017-12-31 16:02:03.1234560,2018-12-31 16:02:03.1200000,2019-12-31 16:02:03.0000000,1969-12-31 18:04:05.1234560,1969-12-31 21:07:08.1200000
