A001,0,1234,123456,12345678901,0,1.23,3.456,12.3400,123.4567,0.1234567,0.12345678901234,a   ,b,c,A   ,B,C,2015-12-31,2016-12-31 16:02:03.123,2017-12-31 16:02:03.1234560,2018-12-31 16:02:03.12,2019-12-31 16:02:00,18:04:05.1234560,21:07:08.12
A002,255,-32768,-2147483648,-9223372036854775808,1,-9999999999.99,-99.999,-214748.3648,-922337203685477.5808,-9.9989996E+9,-9.9999999999900006E+17,??  ,????,?????,かき  ,かきくけ,かきくけこ,2016-12-30,2017-12-31 14:59:59.997,2018-12-31 14:59:59.9999990,2019-12-31 14:59:59.99,2020-12-31 15:00:00,14:59:59.9999990,14:59:59.99
A003,NULL,NULL,NULL,NULL,NULL,NULL,NULL,NULL,NULL,NULL,NULL,NULL,NULL,NULL,NULL,NULL,NULL,NULL,NULL,NULL,NULL,NULL,NULL,NULL
A004,9,9,9,9,0,9.00,9.000,9.0000,9.0000,9.0,9.0,x   ,x,x,X   ,X,X,2015-12-31,2016-12-31 16:02:03.123,2017-12-31 16:02:03.1234560,2018-12-31 16:02:03.12,2019-12-31 16:02:00,18:04:05.1234560,21:07:08.12
