A001,f,0,0,0,0,0,$0.00,0.000
A002,t,12345,123456789,123456789012,123.45,123456.789,$1\,234.00,1234.567
A003,f,-1,-1,-1,-1,-1,-$1.00,-1.000
A004,\N,\N,\N,\N,\N,\N,\N,\N
